{
  "parent": "block/orientable",
  "textures": {
    "particle": "mineria:block/barrel/golden/golden_water_barrel_bottom",
    "up": "mineria:block/barrel/golden/golden_water_barrel_top",
    "down": "mineria:block/barrel/golden/golden_water_barrel_bottom",
    "north": "mineria:block/barrel/golden/golden_water_barrel_potions_full",
    "east": "mineria:block/barrel/golden/golden_water_barrel_potions_full",
    "south": "mineria:block/barrel/golden/golden_water_barrel_potions_full",
    "west": "mineria:block/barrel/golden/golden_water_barrel_potions_full"
  }
}